*****A new Report Start!*****
S:0 E:1 CHINA    
S:1 E:1 US    
S:1 E:1 CHINA    
S:1 E:1 US    
S:1 E:0 US    

Cache Complete
*****A new Report Start!*****
S:0 E:1 CHINA    Lorem Ipsum    
S:1 E:1 US    Lorem Ipsum    
S:1 E:1 CHINA    Lorem Ipsum    
S:1 E:1 US    Lorem Ipsum    
S:1 E:0 US    Lorem Ipsum    

