<?xml version="1.0" encoding="UTF-8"?>
<report xmlns="http://www.eclipse.org/birt/2005/design" version="3.2.23" id="1">
    <property name="layoutPreference">auto layout</property>
    <styles>
    	<style name="My style" id="2"/>
        <style name="my-style" id="3"/>
        <style name="Test-style" id="4"/>
        <style name="test-Style1" id="5"/>
        <style name="12style" id="6"/>
        <style name="12 style" id="7"/>
        <style name="-style" id="8"/>
    </styles>
</report>
