
		                                                                           CAR		MOTOR		PLANE		Total
CHINA		null		null		2003		1		1		1.0		null		null		4.0
CHINA		null		null		2003		1		2		3.0		null		null		4.0
CHINA		null		null		2004		2		4		2.0		null		null		6.0
CHINA		null		null		2004		2		5		4.0		null		null		6.0
FRANCE		STATE3		CITY5		2003		1		1		null		5.0		null		5.0
FRANCE		STATE3		CITY6		2004		2		4		null		6.0		null		6.0
FRANCE		STATE3		CITY7		2003		1		2		null		7.0		null		7.0
FRANCE		STATE4		CITY8		2004		2		5		null		8.0		null		8.0
USA		STATE5		null		2003		1		1		null		null		9.0		9.0
USA		STATE5		null		2004		2		4		null		null		10.0		10.0
USA		STATE6		null		2003		1		1		null		null		13.0		24.0
USA		STATE6		null		2003		1		2		null		null		11.0		24.0
USA		STATE6		null		2004		2		5		null		null		12.0		12.0
USA		STATE7		null		2004		2		4		null		null		14.0		14.0