
0.0		0.0		0.0		0.0		0.0		0.0		
0.0		0.0		0.0		0.0		0.0		0.0		
0.0		0.0		0.0		0.0		0.0		0.0		
11.0		0.0		0.0		11.0		0.0		0.0		
16.0		13.0		13.0		16.0		13.0		13.0		
16.0		13.0		13.0		16.0		13.0		13.0		
23.0		13.0		13.0		23.0		13.0		13.0		
0.0		0.0		0.0		0.0		0.0		0.0		