
		CN		
		BJ		
		CP		Total
1998		16.0		403.0
1999		17.0		416.0
2000		18.0		429.0
2001		19.0		443.0
2002		20.0		455.0