
73.0		54.0		
73.0		54.0		
73.0		54.0		
73.0		54.0		
73.0		54.0		
73.0		54.0		
73.0		54.0		
73.0		54.0		