
1.0		1.0		
0.0		0.0		
2.0		2.0		
11.0		11.0		
16.0		16.0		
16.0		16.0		
23.0		23.0		
0.0		0.0		