
39.0		39.0		
39.0		39.0		
65.0		65.0		
65.0		65.0		
65.0		65.0		
65.0		65.0		
65.0		65.0		
0.0		0.0		