
34.0		93.0		
34.0		93.0		
34.0		93.0		
34.0		93.0		
34.0		93.0		
34.0		93.0		
34.0		93.0		
34.0		93.0		