
1.0		0.0		
39.0		0.0		
0.0		2.0		
11.0		2.0		
11.0		18.0		
11.0		54.0		
34.0		54.0		
0.0		39.0		