
34.0		0.0		93.0		16.0		
34.0		0.0		93.0		16.0		
34.0		0.0		93.0		16.0		
34.0		0.0		93.0		16.0		
34.0		0.0		93.0		16.0		
34.0		0.0		93.0		16.0		
34.0		0.0		93.0		16.0		
34.0		0.0		93.0		16.0		