
39.0		0.0		
39.0		0.0		
11.0		18.0		
11.0		18.0		
11.0		18.0		
11.0		18.0		
11.0		18.0		
0.0		0.0		