
0.0		0.0		
0.0		0.0		
0.0		0.0		
11.0		11.0		
16.0		16.0		
16.0		16.0		
23.0		23.0		
0.0		0.0		