
		CN		JP		US		
		BJ		IL		CS		
		CP		P1		B1		Total
2000		18.0		63.0		38.0		429.0
2001		19.0		65.0		39.0		443.0
2002		20.0		65.0		40.0		455.0