
39.0		39.0		0.0		0.0		
39.0		39.0		0.0		0.0		
34.0		34.0		54.0		54.0		
34.0		34.0		54.0		54.0		
34.0		34.0		54.0		54.0		
34.0		34.0		54.0		54.0		
34.0		34.0		54.0		54.0		
0.0		0.0		0.0		39.0		