year month week-of-month week-of-year 
2010 12 5 52 
year month week-of-month week-of-year 
2011 1 0 52 
year month week-of-month week-of-year 
2011 1 1 1 
year month week-of-month week-of-year 
2011 1 2 2 
