year month week-of-month week-of-year 
2011 1 0 52 
year month week-of-month week-of-year 
2010 12 5 52 
year month week-of-month week-of-year 
2010 12 4 51 
year month week-of-month week-of-year 
2010 12 3 50 
