year quarter month week-of-month week-of-year day-of-week day-of-month day-of-year 
2011 3 9 4 39 5 22 265 
year quarter month week-of-month week-of-year day-of-week day-of-month day-of-year 
2011 3 9 3 38 4 21 264 
year quarter month week-of-month week-of-year day-of-week day-of-month day-of-year 
2011 3 9 3 38 3 20 263 
year quarter month week-of-month week-of-year day-of-week day-of-month day-of-year 
2011 3 9 3 38 2 19 262 
year quarter month week-of-month week-of-year day-of-week day-of-month day-of-year 
2011 3 9 3 38 1 18 261 
year quarter month week-of-month week-of-year day-of-week day-of-month day-of-year 
2011 3 9 2 37 7 17 260 
year quarter month week-of-month week-of-year day-of-week day-of-month day-of-year 
2011 3 9 2 37 6 16 259 
year quarter month week-of-month week-of-year day-of-week day-of-month day-of-year 
2011 3 9 2 37 5 15 258 
year quarter month week-of-month week-of-year day-of-week day-of-month day-of-year 
2011 3 9 2 37 4 14 257 
year quarter month week-of-month week-of-year day-of-week day-of-month day-of-year 
2011 3 9 2 37 3 13 256 
year quarter month week-of-month week-of-year day-of-week day-of-month day-of-year 
2011 3 9 2 37 2 12 255 
year quarter month week-of-month week-of-year day-of-week day-of-month day-of-year 
2011 3 9 2 37 1 11 254 
year quarter month week-of-month week-of-year day-of-week day-of-month day-of-year 
2011 3 9 1 36 7 10 253 
year quarter month week-of-month week-of-year day-of-week day-of-month day-of-year 
2011 3 9 1 36 6 9 252 
year quarter month week-of-month week-of-year day-of-week day-of-month day-of-year 
2011 3 9 1 36 5 8 251 
year quarter month week-of-month week-of-year day-of-week day-of-month day-of-year 
2011 3 9 1 36 4 7 250 
year quarter month week-of-month week-of-year day-of-week day-of-month day-of-year 
2011 3 9 1 36 3 6 249 
year quarter month week-of-month week-of-year day-of-week day-of-month day-of-year 
2011 3 9 1 36 2 5 248 
year quarter month week-of-month week-of-year day-of-week day-of-month day-of-year 
2011 3 9 1 36 1 4 247 
year quarter month week-of-month week-of-year day-of-week day-of-month day-of-year 
2011 3 9 0 35 7 3 246 
year quarter month week-of-month week-of-year day-of-week day-of-month day-of-year 
2011 3 9 0 35 6 2 245 
year quarter month week-of-month week-of-year day-of-week day-of-month day-of-year 
2011 3 9 0 35 5 1 244 
year quarter month week-of-month week-of-year day-of-week day-of-month day-of-year 
2011 3 8 5 35 4 31 243 
year quarter month week-of-month week-of-year day-of-week day-of-month day-of-year 
2011 3 8 5 35 3 30 242 
year quarter month week-of-month week-of-year day-of-week day-of-month day-of-year 
2011 3 8 5 35 2 29 241 
year quarter month week-of-month week-of-year day-of-week day-of-month day-of-year 
2011 3 8 5 35 1 28 240 
year quarter month week-of-month week-of-year day-of-week day-of-month day-of-year 
2011 3 8 4 34 7 27 239 
year quarter month week-of-month week-of-year day-of-week day-of-month day-of-year 
2011 3 8 4 34 6 26 238 
year quarter month week-of-month week-of-year day-of-week day-of-month day-of-year 
2011 3 8 4 34 5 25 237 
year quarter month week-of-month week-of-year day-of-week day-of-month day-of-year 
2011 3 8 4 34 4 24 236 
year quarter month week-of-month week-of-year day-of-week day-of-month day-of-year 
2011 3 8 4 34 3 23 235 
year quarter month week-of-month week-of-year day-of-week day-of-month day-of-year 
2011 3 8 4 34 2 22 234 
year quarter month week-of-month week-of-year day-of-week day-of-month day-of-year 
2011 3 8 4 34 1 21 233 
year quarter month week-of-month week-of-year day-of-week day-of-month day-of-year 
2011 3 8 3 33 7 20 232 
year quarter month week-of-month week-of-year day-of-week day-of-month day-of-year 
2011 3 8 3 33 6 19 231 
year quarter month week-of-month week-of-year day-of-week day-of-month day-of-year 
2011 3 8 3 33 5 18 230 
year quarter month week-of-month week-of-year day-of-week day-of-month day-of-year 
2011 3 8 3 33 4 17 229 
year quarter month week-of-month week-of-year day-of-week day-of-month day-of-year 
2011 3 8 3 33 3 16 228 
year quarter month week-of-month week-of-year day-of-week day-of-month day-of-year 
2011 3 8 3 33 2 15 227 
year quarter month week-of-month week-of-year day-of-week day-of-month day-of-year 
2011 3 8 3 33 1 14 226 
year quarter month week-of-month week-of-year day-of-week day-of-month day-of-year 
2011 3 8 2 32 7 13 225 
year quarter month week-of-month week-of-year day-of-week day-of-month day-of-year 
2011 3 8 2 32 6 12 224 
year quarter month week-of-month week-of-year day-of-week day-of-month day-of-year 
2011 3 8 2 32 5 11 223 
year quarter month week-of-month week-of-year day-of-week day-of-month day-of-year 
2011 3 8 2 32 4 10 222 
year quarter month week-of-month week-of-year day-of-week day-of-month day-of-year 
2011 3 8 2 32 3 9 221 
year quarter month week-of-month week-of-year day-of-week day-of-month day-of-year 
2011 3 8 2 32 2 8 220 
year quarter month week-of-month week-of-year day-of-week day-of-month day-of-year 
2011 3 8 2 32 1 7 219 
year quarter month week-of-month week-of-year day-of-week day-of-month day-of-year 
2011 3 8 1 31 7 6 218 
year quarter month week-of-month week-of-year day-of-week day-of-month day-of-year 
2011 3 8 1 31 6 5 217 
year quarter month week-of-month week-of-year day-of-week day-of-month day-of-year 
2011 3 8 1 31 5 4 216 
year quarter month week-of-month week-of-year day-of-week day-of-month day-of-year 
2011 3 8 1 31 4 3 215 
year quarter month week-of-month week-of-year day-of-week day-of-month day-of-year 
2011 3 8 1 31 3 2 214 
year quarter month week-of-month week-of-year day-of-week day-of-month day-of-year 
2011 3 8 1 31 2 1 213 
year quarter month week-of-month week-of-year day-of-week day-of-month day-of-year 
2011 3 7 5 31 1 31 212 
year quarter month week-of-month week-of-year day-of-week day-of-month day-of-year 
2011 3 7 4 30 7 30 211 
year quarter month week-of-month week-of-year day-of-week day-of-month day-of-year 
2011 3 7 4 30 6 29 210 
year quarter month week-of-month week-of-year day-of-week day-of-month day-of-year 
2011 3 7 4 30 5 28 209 
year quarter month week-of-month week-of-year day-of-week day-of-month day-of-year 
2011 3 7 4 30 4 27 208 
year quarter month week-of-month week-of-year day-of-week day-of-month day-of-year 
2011 3 7 4 30 3 26 207 
year quarter month week-of-month week-of-year day-of-week day-of-month day-of-year 
2011 3 7 4 30 2 25 206 
year quarter month week-of-month week-of-year day-of-week day-of-month day-of-year 
2011 3 7 4 30 1 24 205 
year quarter month week-of-month week-of-year day-of-week day-of-month day-of-year 
2011 3 7 3 29 7 23 204 
year quarter month week-of-month week-of-year day-of-week day-of-month day-of-year 
2011 3 7 3 29 6 22 203 
year quarter month week-of-month week-of-year day-of-week day-of-month day-of-year 
2011 3 7 3 29 5 21 202 
year quarter month week-of-month week-of-year day-of-week day-of-month day-of-year 
2011 3 7 3 29 4 20 201 
year quarter month week-of-month week-of-year day-of-week day-of-month day-of-year 
2011 3 7 3 29 3 19 200 
year quarter month week-of-month week-of-year day-of-week day-of-month day-of-year 
2011 3 7 3 29 2 18 199 
year quarter month week-of-month week-of-year day-of-week day-of-month day-of-year 
2011 3 7 3 29 1 17 198 
year quarter month week-of-month week-of-year day-of-week day-of-month day-of-year 
2011 3 7 2 28 7 16 197 
year quarter month week-of-month week-of-year day-of-week day-of-month day-of-year 
2011 3 7 2 28 6 15 196 
year quarter month week-of-month week-of-year day-of-week day-of-month day-of-year 
2011 3 7 2 28 5 14 195 
year quarter month week-of-month week-of-year day-of-week day-of-month day-of-year 
2011 3 7 2 28 4 13 194 
year quarter month week-of-month week-of-year day-of-week day-of-month day-of-year 
2011 3 7 2 28 3 12 193 
year quarter month week-of-month week-of-year day-of-week day-of-month day-of-year 
2011 3 7 2 28 2 11 192 
year quarter month week-of-month week-of-year day-of-week day-of-month day-of-year 
2011 3 7 2 28 1 10 191 
year quarter month week-of-month week-of-year day-of-week day-of-month day-of-year 
2011 3 7 1 27 7 9 190 
year quarter month week-of-month week-of-year day-of-week day-of-month day-of-year 
2011 3 7 1 27 6 8 189 
year quarter month week-of-month week-of-year day-of-week day-of-month day-of-year 
2011 3 7 1 27 5 7 188 
year quarter month week-of-month week-of-year day-of-week day-of-month day-of-year 
2011 3 7 1 27 4 6 187 
year quarter month week-of-month week-of-year day-of-week day-of-month day-of-year 
2011 3 7 1 27 3 5 186 
year quarter month week-of-month week-of-year day-of-week day-of-month day-of-year 
2011 3 7 1 27 2 4 185 
year quarter month week-of-month week-of-year day-of-week day-of-month day-of-year 
2011 3 7 1 27 1 3 184 
year quarter month week-of-month week-of-year day-of-week day-of-month day-of-year 
2011 3 7 0 26 7 2 183 
year quarter month week-of-month week-of-year day-of-week day-of-month day-of-year 
2011 3 7 0 26 6 1 182 
year quarter month week-of-month week-of-year day-of-week day-of-month day-of-year 
2011 2 6 5 26 5 30 181 
year quarter month week-of-month week-of-year day-of-week day-of-month day-of-year 
2011 2 6 5 26 4 29 180 
year quarter month week-of-month week-of-year day-of-week day-of-month day-of-year 
2011 2 6 5 26 3 28 179 
year quarter month week-of-month week-of-year day-of-week day-of-month day-of-year 
2011 2 6 5 26 2 27 178 
year quarter month week-of-month week-of-year day-of-week day-of-month day-of-year 
2011 2 6 5 26 1 26 177 
year quarter month week-of-month week-of-year day-of-week day-of-month day-of-year 
2011 2 6 4 25 7 25 176 
year quarter month week-of-month week-of-year day-of-week day-of-month day-of-year 
2011 2 6 4 25 6 24 175 
year quarter month week-of-month week-of-year day-of-week day-of-month day-of-year 
2011 2 6 4 25 5 23 174 
year quarter month week-of-month week-of-year day-of-week day-of-month day-of-year 
2011 2 6 4 25 4 22 173 
year quarter month week-of-month week-of-year day-of-week day-of-month day-of-year 
2011 2 6 4 25 3 21 172 
year quarter month week-of-month week-of-year day-of-week day-of-month day-of-year 
2011 2 6 4 25 2 20 171 
year quarter month week-of-month week-of-year day-of-week day-of-month day-of-year 
2011 2 6 4 25 1 19 170 
year quarter month week-of-month week-of-year day-of-week day-of-month day-of-year 
2011 2 6 3 24 7 18 169 
year quarter month week-of-month week-of-year day-of-week day-of-month day-of-year 
2011 2 6 3 24 6 17 168 
year quarter month week-of-month week-of-year day-of-week day-of-month day-of-year 
2011 2 6 3 24 5 16 167 
year quarter month week-of-month week-of-year day-of-week day-of-month day-of-year 
2011 2 6 3 24 4 15 166 
year quarter month week-of-month week-of-year day-of-week day-of-month day-of-year 
2011 2 6 3 24 3 14 165 
year quarter month week-of-month week-of-year day-of-week day-of-month day-of-year 
2011 2 6 3 24 2 13 164 
year quarter month week-of-month week-of-year day-of-week day-of-month day-of-year 
2011 2 6 3 24 1 12 163 
year quarter month week-of-month week-of-year day-of-week day-of-month day-of-year 
2011 2 6 2 23 7 11 162 
year quarter month week-of-month week-of-year day-of-week day-of-month day-of-year 
2011 2 6 2 23 6 10 161 
year quarter month week-of-month week-of-year day-of-week day-of-month day-of-year 
2011 2 6 2 23 5 9 160 
year quarter month week-of-month week-of-year day-of-week day-of-month day-of-year 
2011 2 6 2 23 4 8 159 
year quarter month week-of-month week-of-year day-of-week day-of-month day-of-year 
2011 2 6 2 23 3 7 158 
year quarter month week-of-month week-of-year day-of-week day-of-month day-of-year 
2011 2 6 2 23 2 6 157 
year quarter month week-of-month week-of-year day-of-week day-of-month day-of-year 
2011 2 6 2 23 1 5 156 
year quarter month week-of-month week-of-year day-of-week day-of-month day-of-year 
2011 2 6 1 22 7 4 155 
year quarter month week-of-month week-of-year day-of-week day-of-month day-of-year 
2011 2 6 1 22 6 3 154 
year quarter month week-of-month week-of-year day-of-week day-of-month day-of-year 
2011 2 6 1 22 5 2 153 
year quarter month week-of-month week-of-year day-of-week day-of-month day-of-year 
2011 2 6 1 22 4 1 152 
year quarter month week-of-month week-of-year day-of-week day-of-month day-of-year 
2011 2 5 5 22 3 31 151 
year quarter month week-of-month week-of-year day-of-week day-of-month day-of-year 
2011 2 5 5 22 2 30 150 
year quarter month week-of-month week-of-year day-of-week day-of-month day-of-year 
2011 2 5 5 22 1 29 149 
year quarter month week-of-month week-of-year day-of-week day-of-month day-of-year 
2011 2 5 4 21 7 28 148 
year quarter month week-of-month week-of-year day-of-week day-of-month day-of-year 
2011 2 5 4 21 6 27 147 
year quarter month week-of-month week-of-year day-of-week day-of-month day-of-year 
2011 2 5 4 21 5 26 146 
year quarter month week-of-month week-of-year day-of-week day-of-month day-of-year 
2011 2 5 4 21 4 25 145 
year quarter month week-of-month week-of-year day-of-week day-of-month day-of-year 
2011 2 5 4 21 3 24 144 
year quarter month week-of-month week-of-year day-of-week day-of-month day-of-year 
2011 2 5 4 21 2 23 143 
year quarter month week-of-month week-of-year day-of-week day-of-month day-of-year 
2011 2 5 4 21 1 22 142 
year quarter month week-of-month week-of-year day-of-week day-of-month day-of-year 
2011 2 5 3 20 7 21 141 
year quarter month week-of-month week-of-year day-of-week day-of-month day-of-year 
2011 2 5 3 20 6 20 140 
year quarter month week-of-month week-of-year day-of-week day-of-month day-of-year 
2011 2 5 3 20 5 19 139 
year quarter month week-of-month week-of-year day-of-week day-of-month day-of-year 
2011 2 5 3 20 4 18 138 
year quarter month week-of-month week-of-year day-of-week day-of-month day-of-year 
2011 2 5 3 20 3 17 137 
year quarter month week-of-month week-of-year day-of-week day-of-month day-of-year 
2011 2 5 3 20 2 16 136 
year quarter month week-of-month week-of-year day-of-week day-of-month day-of-year 
2011 2 5 3 20 1 15 135 
year quarter month week-of-month week-of-year day-of-week day-of-month day-of-year 
2011 2 5 2 19 7 14 134 
year quarter month week-of-month week-of-year day-of-week day-of-month day-of-year 
2011 2 5 2 19 6 13 133 
year quarter month week-of-month week-of-year day-of-week day-of-month day-of-year 
2011 2 5 2 19 5 12 132 
year quarter month week-of-month week-of-year day-of-week day-of-month day-of-year 
2011 2 5 2 19 4 11 131 
year quarter month week-of-month week-of-year day-of-week day-of-month day-of-year 
2011 2 5 2 19 3 10 130 
year quarter month week-of-month week-of-year day-of-week day-of-month day-of-year 
2011 2 5 2 19 2 9 129 
year quarter month week-of-month week-of-year day-of-week day-of-month day-of-year 
2011 2 5 2 19 1 8 128 
year quarter month week-of-month week-of-year day-of-week day-of-month day-of-year 
2011 2 5 1 18 7 7 127 
year quarter month week-of-month week-of-year day-of-week day-of-month day-of-year 
2011 2 5 1 18 6 6 126 
year quarter month week-of-month week-of-year day-of-week day-of-month day-of-year 
2011 2 5 1 18 5 5 125 
year quarter month week-of-month week-of-year day-of-week day-of-month day-of-year 
2011 2 5 1 18 4 4 124 
year quarter month week-of-month week-of-year day-of-week day-of-month day-of-year 
2011 2 5 1 18 3 3 123 
year quarter month week-of-month week-of-year day-of-week day-of-month day-of-year 
2011 2 5 1 18 2 2 122 
year quarter month week-of-month week-of-year day-of-week day-of-month day-of-year 
2011 2 5 1 18 1 1 121 
year quarter month week-of-month week-of-year day-of-week day-of-month day-of-year 
2011 2 4 4 17 7 30 120 
year quarter month week-of-month week-of-year day-of-week day-of-month day-of-year 
2011 2 4 4 17 6 29 119 
year quarter month week-of-month week-of-year day-of-week day-of-month day-of-year 
2011 2 4 4 17 5 28 118 
year quarter month week-of-month week-of-year day-of-week day-of-month day-of-year 
2011 2 4 4 17 4 27 117 
year quarter month week-of-month week-of-year day-of-week day-of-month day-of-year 
2011 2 4 4 17 3 26 116 
year quarter month week-of-month week-of-year day-of-week day-of-month day-of-year 
2011 2 4 4 17 2 25 115 
year quarter month week-of-month week-of-year day-of-week day-of-month day-of-year 
2011 2 4 4 17 1 24 114 
year quarter month week-of-month week-of-year day-of-week day-of-month day-of-year 
2011 2 4 3 16 7 23 113 
year quarter month week-of-month week-of-year day-of-week day-of-month day-of-year 
2011 2 4 3 16 6 22 112 
year quarter month week-of-month week-of-year day-of-week day-of-month day-of-year 
2011 2 4 3 16 5 21 111 
year quarter month week-of-month week-of-year day-of-week day-of-month day-of-year 
2011 2 4 3 16 4 20 110 
year quarter month week-of-month week-of-year day-of-week day-of-month day-of-year 
2011 2 4 3 16 3 19 109 
year quarter month week-of-month week-of-year day-of-week day-of-month day-of-year 
2011 2 4 3 16 2 18 108 
year quarter month week-of-month week-of-year day-of-week day-of-month day-of-year 
2011 2 4 3 16 1 17 107 
year quarter month week-of-month week-of-year day-of-week day-of-month day-of-year 
2011 2 4 2 15 7 16 106 
year quarter month week-of-month week-of-year day-of-week day-of-month day-of-year 
2011 2 4 2 15 6 15 105 
year quarter month week-of-month week-of-year day-of-week day-of-month day-of-year 
2011 2 4 2 15 5 14 104 
year quarter month week-of-month week-of-year day-of-week day-of-month day-of-year 
2011 2 4 2 15 4 13 103 
year quarter month week-of-month week-of-year day-of-week day-of-month day-of-year 
2011 2 4 2 15 3 12 102 
year quarter month week-of-month week-of-year day-of-week day-of-month day-of-year 
2011 2 4 2 15 2 11 101 
year quarter month week-of-month week-of-year day-of-week day-of-month day-of-year 
2011 2 4 2 15 1 10 100 
year quarter month week-of-month week-of-year day-of-week day-of-month day-of-year 
2011 2 4 1 14 7 9 99 
year quarter month week-of-month week-of-year day-of-week day-of-month day-of-year 
2011 2 4 1 14 6 8 98 
year quarter month week-of-month week-of-year day-of-week day-of-month day-of-year 
2011 2 4 1 14 5 7 97 
year quarter month week-of-month week-of-year day-of-week day-of-month day-of-year 
2011 2 4 1 14 4 6 96 
year quarter month week-of-month week-of-year day-of-week day-of-month day-of-year 
2011 2 4 1 14 3 5 95 
year quarter month week-of-month week-of-year day-of-week day-of-month day-of-year 
2011 2 4 1 14 2 4 94 
year quarter month week-of-month week-of-year day-of-week day-of-month day-of-year 
2011 2 4 1 14 1 3 93 
year quarter month week-of-month week-of-year day-of-week day-of-month day-of-year 
2011 2 4 0 13 7 2 92 
year quarter month week-of-month week-of-year day-of-week day-of-month day-of-year 
2011 2 4 0 13 6 1 91 
year quarter month week-of-month week-of-year day-of-week day-of-month day-of-year 
2011 1 3 5 13 5 31 90 
year quarter month week-of-month week-of-year day-of-week day-of-month day-of-year 
2011 1 3 5 13 4 30 89 
year quarter month week-of-month week-of-year day-of-week day-of-month day-of-year 
2011 1 3 5 13 3 29 88 
year quarter month week-of-month week-of-year day-of-week day-of-month day-of-year 
2011 1 3 5 13 2 28 87 
year quarter month week-of-month week-of-year day-of-week day-of-month day-of-year 
2011 1 3 5 13 1 27 86 
year quarter month week-of-month week-of-year day-of-week day-of-month day-of-year 
2011 1 3 4 12 7 26 85 
year quarter month week-of-month week-of-year day-of-week day-of-month day-of-year 
2011 1 3 4 12 6 25 84 
year quarter month week-of-month week-of-year day-of-week day-of-month day-of-year 
2011 1 3 4 12 5 24 83 
year quarter month week-of-month week-of-year day-of-week day-of-month day-of-year 
2011 1 3 4 12 4 23 82 
year quarter month week-of-month week-of-year day-of-week day-of-month day-of-year 
2011 1 3 4 12 3 22 81 
year quarter month week-of-month week-of-year day-of-week day-of-month day-of-year 
2011 1 3 4 12 2 21 80 
year quarter month week-of-month week-of-year day-of-week day-of-month day-of-year 
2011 1 3 4 12 1 20 79 
year quarter month week-of-month week-of-year day-of-week day-of-month day-of-year 
2011 1 3 3 11 7 19 78 
year quarter month week-of-month week-of-year day-of-week day-of-month day-of-year 
2011 1 3 3 11 6 18 77 
year quarter month week-of-month week-of-year day-of-week day-of-month day-of-year 
2011 1 3 3 11 5 17 76 
year quarter month week-of-month week-of-year day-of-week day-of-month day-of-year 
2011 1 3 3 11 4 16 75 
year quarter month week-of-month week-of-year day-of-week day-of-month day-of-year 
2011 1 3 3 11 3 15 74 
year quarter month week-of-month week-of-year day-of-week day-of-month day-of-year 
2011 1 3 3 11 2 14 73 
year quarter month week-of-month week-of-year day-of-week day-of-month day-of-year 
2011 1 3 3 11 1 13 72 
year quarter month week-of-month week-of-year day-of-week day-of-month day-of-year 
2011 1 3 2 10 7 12 71 
year quarter month week-of-month week-of-year day-of-week day-of-month day-of-year 
2011 1 3 2 10 6 11 70 
year quarter month week-of-month week-of-year day-of-week day-of-month day-of-year 
2011 1 3 2 10 5 10 69 
year quarter month week-of-month week-of-year day-of-week day-of-month day-of-year 
2011 1 3 2 10 4 9 68 
year quarter month week-of-month week-of-year day-of-week day-of-month day-of-year 
2011 1 3 2 10 3 8 67 
year quarter month week-of-month week-of-year day-of-week day-of-month day-of-year 
2011 1 3 2 10 2 7 66 
year quarter month week-of-month week-of-year day-of-week day-of-month day-of-year 
2011 1 3 2 10 1 6 65 
year quarter month week-of-month week-of-year day-of-week day-of-month day-of-year 
2011 1 3 1 9 7 5 64 
year quarter month week-of-month week-of-year day-of-week day-of-month day-of-year 
2011 1 3 1 9 6 4 63 
year quarter month week-of-month week-of-year day-of-week day-of-month day-of-year 
2011 1 3 1 9 5 3 62 
year quarter month week-of-month week-of-year day-of-week day-of-month day-of-year 
2011 1 3 1 9 4 2 61 
year quarter month week-of-month week-of-year day-of-week day-of-month day-of-year 
2011 1 3 1 9 3 1 60 
year quarter month week-of-month week-of-year day-of-week day-of-month day-of-year 
2011 1 2 5 9 2 28 59 
year quarter month week-of-month week-of-year day-of-week day-of-month day-of-year 
2011 1 2 5 9 1 27 58 
year quarter month week-of-month week-of-year day-of-week day-of-month day-of-year 
2011 1 2 4 8 7 26 57 
year quarter month week-of-month week-of-year day-of-week day-of-month day-of-year 
2011 1 2 4 8 6 25 56 
year quarter month week-of-month week-of-year day-of-week day-of-month day-of-year 
2011 1 2 4 8 5 24 55 
year quarter month week-of-month week-of-year day-of-week day-of-month day-of-year 
2011 1 2 4 8 4 23 54 
year quarter month week-of-month week-of-year day-of-week day-of-month day-of-year 
2011 1 2 4 8 3 22 53 
year quarter month week-of-month week-of-year day-of-week day-of-month day-of-year 
2011 1 2 4 8 2 21 52 
year quarter month week-of-month week-of-year day-of-week day-of-month day-of-year 
2011 1 2 4 8 1 20 51 
year quarter month week-of-month week-of-year day-of-week day-of-month day-of-year 
2011 1 2 3 7 7 19 50 
year quarter month week-of-month week-of-year day-of-week day-of-month day-of-year 
2011 1 2 3 7 6 18 49 
year quarter month week-of-month week-of-year day-of-week day-of-month day-of-year 
2011 1 2 3 7 5 17 48 
year quarter month week-of-month week-of-year day-of-week day-of-month day-of-year 
2011 1 2 3 7 4 16 47 
year quarter month week-of-month week-of-year day-of-week day-of-month day-of-year 
2011 1 2 3 7 3 15 46 
year quarter month week-of-month week-of-year day-of-week day-of-month day-of-year 
2011 1 2 3 7 2 14 45 
year quarter month week-of-month week-of-year day-of-week day-of-month day-of-year 
2011 1 2 3 7 1 13 44 
year quarter month week-of-month week-of-year day-of-week day-of-month day-of-year 
2011 1 2 2 6 7 12 43 
year quarter month week-of-month week-of-year day-of-week day-of-month day-of-year 
2011 1 2 2 6 6 11 42 
year quarter month week-of-month week-of-year day-of-week day-of-month day-of-year 
2011 1 2 2 6 5 10 41 
year quarter month week-of-month week-of-year day-of-week day-of-month day-of-year 
2011 1 2 2 6 4 9 40 
year quarter month week-of-month week-of-year day-of-week day-of-month day-of-year 
2011 1 2 2 6 3 8 39 
year quarter month week-of-month week-of-year day-of-week day-of-month day-of-year 
2011 1 2 2 6 2 7 38 
year quarter month week-of-month week-of-year day-of-week day-of-month day-of-year 
2011 1 2 2 6 1 6 37 
year quarter month week-of-month week-of-year day-of-week day-of-month day-of-year 
2011 1 2 1 5 7 5 36 
year quarter month week-of-month week-of-year day-of-week day-of-month day-of-year 
2011 1 2 1 5 6 4 35 
year quarter month week-of-month week-of-year day-of-week day-of-month day-of-year 
2011 1 2 1 5 5 3 34 
year quarter month week-of-month week-of-year day-of-week day-of-month day-of-year 
2011 1 2 1 5 4 2 33 
year quarter month week-of-month week-of-year day-of-week day-of-month day-of-year 
2011 1 2 1 5 3 1 32 
year quarter month week-of-month week-of-year day-of-week day-of-month day-of-year 
2011 1 1 5 5 2 31 31 
year quarter month week-of-month week-of-year day-of-week day-of-month day-of-year 
2011 1 1 5 5 1 30 30 
year quarter month week-of-month week-of-year day-of-week day-of-month day-of-year 
2011 1 1 4 4 7 29 29 
year quarter month week-of-month week-of-year day-of-week day-of-month day-of-year 
2011 1 1 4 4 6 28 28 
year quarter month week-of-month week-of-year day-of-week day-of-month day-of-year 
2011 1 1 4 4 5 27 27 
year quarter month week-of-month week-of-year day-of-week day-of-month day-of-year 
2011 1 1 4 4 4 26 26 
year quarter month week-of-month week-of-year day-of-week day-of-month day-of-year 
2011 1 1 4 4 3 25 25 
year quarter month week-of-month week-of-year day-of-week day-of-month day-of-year 
2011 1 1 4 4 2 24 24 
year quarter month week-of-month week-of-year day-of-week day-of-month day-of-year 
2011 1 1 4 4 1 23 23 
year quarter month week-of-month week-of-year day-of-week day-of-month day-of-year 
2011 1 1 3 3 7 22 22 
year quarter month week-of-month week-of-year day-of-week day-of-month day-of-year 
2011 1 1 3 3 6 21 21 
year quarter month week-of-month week-of-year day-of-week day-of-month day-of-year 
2011 1 1 3 3 5 20 20 
year quarter month week-of-month week-of-year day-of-week day-of-month day-of-year 
2011 1 1 3 3 4 19 19 
year quarter month week-of-month week-of-year day-of-week day-of-month day-of-year 
2011 1 1 3 3 3 18 18 
year quarter month week-of-month week-of-year day-of-week day-of-month day-of-year 
2011 1 1 3 3 2 17 17 
year quarter month week-of-month week-of-year day-of-week day-of-month day-of-year 
2011 1 1 3 3 1 16 16 
year quarter month week-of-month week-of-year day-of-week day-of-month day-of-year 
2011 1 1 2 2 7 15 15 
year quarter month week-of-month week-of-year day-of-week day-of-month day-of-year 
2011 1 1 2 2 6 14 14 
year quarter month week-of-month week-of-year day-of-week day-of-month day-of-year 
2011 1 1 2 2 5 13 13 
year quarter month week-of-month week-of-year day-of-week day-of-month day-of-year 
2011 1 1 2 2 4 12 12 
year quarter month week-of-month week-of-year day-of-week day-of-month day-of-year 
2011 1 1 2 2 3 11 11 
year quarter month week-of-month week-of-year day-of-week day-of-month day-of-year 
2011 1 1 2 2 2 10 10 
year quarter month week-of-month week-of-year day-of-week day-of-month day-of-year 
2011 1 1 2 2 1 9 9 
year quarter month week-of-month week-of-year day-of-week day-of-month day-of-year 
2011 1 1 1 1 7 8 8 
year quarter month week-of-month week-of-year day-of-week day-of-month day-of-year 
2011 1 1 1 1 6 7 7 
year quarter month week-of-month week-of-year day-of-week day-of-month day-of-year 
2011 1 1 1 1 5 6 6 
year quarter month week-of-month week-of-year day-of-week day-of-month day-of-year 
2011 1 1 1 1 4 5 5 
year quarter month week-of-month week-of-year day-of-week day-of-month day-of-year 
2011 1 1 1 1 3 4 4 
year quarter month week-of-month week-of-year day-of-week day-of-month day-of-year 
2011 1 1 1 1 2 3 3 
year quarter month week-of-month week-of-year day-of-week day-of-month day-of-year 
2011 1 1 1 1 1 2 2 
year quarter month week-of-month week-of-year day-of-week day-of-month day-of-year 
2011 1 1 0 52 7 1 1 
year quarter month week-of-month week-of-year day-of-week day-of-month day-of-year 
2010 4 12 5 52 6 31 365 
year quarter month week-of-month week-of-year day-of-week day-of-month day-of-year 
2010 4 12 5 52 5 30 364 
year quarter month week-of-month week-of-year day-of-week day-of-month day-of-year 
2010 4 12 5 52 4 29 363 
year quarter month week-of-month week-of-year day-of-week day-of-month day-of-year 
2010 4 12 5 52 3 28 362 
year quarter month week-of-month week-of-year day-of-week day-of-month day-of-year 
2010 4 12 5 52 2 27 361 
year quarter month week-of-month week-of-year day-of-week day-of-month day-of-year 
2010 4 12 5 52 1 26 360 
year quarter month week-of-month week-of-year day-of-week day-of-month day-of-year 
2010 4 12 4 51 7 25 359 
year quarter month week-of-month week-of-year day-of-week day-of-month day-of-year 
2010 4 12 4 51 6 24 358 
year quarter month week-of-month week-of-year day-of-week day-of-month day-of-year 
2010 4 12 4 51 5 23 357 
