year quarter month week-of-month day-of-week 
2002 1 2 1 1 
year quarter month week-of-month day-of-week 
2002 1 2 1 2 
year quarter month week-of-month day-of-week 
2002 1 2 1 3 
year quarter month week-of-month day-of-week 
2002 1 2 1 4 
year quarter month week-of-month day-of-week 
2002 1 2 1 5 
year quarter month week-of-month day-of-week 
2002 1 2 1 6 
year quarter month week-of-month day-of-week 
2002 1 2 1 7 
