year quarter month week-of-month week-of-year day-of-week day-of-month day-of-year 
2011 3 9 3 38 1 18 261 
year quarter month week-of-month week-of-year day-of-week day-of-month day-of-year 
2011 3 9 3 38 2 19 262 
year quarter month week-of-month week-of-year day-of-week day-of-month day-of-year 
2011 3 9 3 38 3 20 263 
year quarter month week-of-month week-of-year day-of-week day-of-month day-of-year 
2011 3 9 3 38 4 21 264 
year quarter month week-of-month week-of-year day-of-week day-of-month day-of-year 
2011 3 9 3 38 5 22 265 
