
		PP1   PP2   
1998   1   1   1   null,  null,  
1998   1   1   2   null,  null,  
1998   1   1   3   null,  null,  
1998   1   1   4   null,  null,  
1998   1   1   5   null,  null,  
1998   1   1   6   null,  null,  
1998   1   1   7   null,  null,  
1998   1   1   8   null,  null,  
1998   1   1   9   null,  null,  
1998   1   1   10   null,  null,  
1998   1   1   11   null,  null,  
1998   1   1   12   null,  null,  
1998   1   1   13   null,  null,  
1998   1   1   14   null,  null,  
1998   1   1   15   1.0,  null,  
1998   1   1   16   null,  null,  
1998   1   1   17   null,  null,  
1998   1   1   18   null,  null,  
1998   1   1   19   null,  null,  
1998   1   1   20   null,  null,  
1998   1   1   21   null,  null,  
1998   1   1   22   null,  null,  
1998   1   1   23   null,  null,  
1998   1   1   24   null,  null,  
1998   1   1   25   null,  null,  
1998   1   1   26   null,  null,  
1998   1   1   27   null,  null,  
1998   1   1   28   null,  null,  
1998   1   1   29   null,  null,  
1998   1   1   30   null,  null,  
1998   1   1   31   null,  null,  
1998   1   2   1   null,  null,  
1998   1   2   2   null,  null,  
1998   1   2   3   null,  null,  
1998   1   2   4   null,  null,  
1998   1   2   5   null,  null,  
1998   1   2   6   null,  null,  
1998   1   2   7   null,  null,  
1998   1   2   8   null,  null,  
1998   1   2   9   null,  null,  
1998   1   2   10   null,  null,  
1998   1   2   11   null,  null,  
1998   1   2   12   null,  null,  
1998   1   2   13   null,  null,  
1998   1   2   14   null,  null,  
1998   1   2   15   null,  null,  
1998   1   2   16   null,  null,  
1998   1   2   17   null,  null,  
1998   1   2   18   null,  null,  
1998   1   2   19   null,  null,  
1998   1   2   20   null,  null,  
1998   1   2   21   38.0,  null,  
1998   1   2   22   null,  null,  
1998   1   2   23   null,  null,  
1998   1   2   24   null,  null,  
1998   1   2   25   null,  null,  
1998   1   2   26   null,  null,  
1998   1   2   27   null,  null,  
1998   1   2   28   null,  null,  
1998   1   2   29   null,  null,  
1998   1   2   30   null,  null,  
1998   1   2   31   null,  null,  
1999   2   4   1   null,  null,  
1999   2   4   2   null,  null,  
1999   2   4   3   null,  null,  
1999   2   4   4   null,  null,  
1999   2   4   5   null,  null,  
1999   2   4   6   null,  null,  
1999   2   4   7   null,  null,  
1999   2   4   8   null,  null,  
1999   2   4   9   null,  null,  
1999   2   4   10   null,  null,  
1999   2   4   11   null,  null,  
1999   2   4   12   null,  null,  
1999   2   4   13   null,  null,  
1999   2   4   14   null,  null,  
1999   2   4   15   null,  null,  
1999   2   4   16   null,  2.0,  
1999   2   4   17   null,  null,  
1999   2   4   18   null,  null,  
1999   2   4   19   null,  null,  
1999   2   4   20   null,  null,  
1999   2   4   21   null,  null,  
1999   2   4   22   null,  null,  
1999   2   4   23   null,  null,  
1999   2   4   24   null,  null,  
1999   2   4   25   null,  null,  
1999   2   4   26   null,  null,  
1999   2   4   27   null,  null,  
1999   2   4   28   null,  null,  
1999   2   4   29   null,  null,  
1999   2   4   30   null,  null,  
1999   2   4   31   null,  null,  
1999   2   5   1   null,  null,  
1999   2   5   2   null,  null,  
1999   2   5   3   null,  null,  
1999   2   5   4   null,  null,  
1999   2   5   5   null,  null,  
1999   2   5   6   null,  null,  
1999   2   5   7   null,  null,  
1999   2   5   8   null,  null,  
1999   2   5   9   null,  null,  
1999   2   5   10   null,  null,  
1999   2   5   11   null,  null,  
1999   2   5   12   null,  null,  
1999   2   5   13   null,  null,  
1999   2   5   14   null,  null,  
1999   2   5   15   null,  null,  
1999   2   5   16   null,  null,  
1999   2   5   17   11.0,  null,  
1999   2   5   18   null,  null,  
1999   2   5   19   null,  null,  
1999   2   5   20   null,  null,  
1999   2   5   21   null,  null,  
1999   2   5   22   null,  null,  
1999   2   5   23   null,  null,  
1999   2   5   24   null,  null,  
1999   2   5   25   null,  null,  
1999   2   5   26   null,  null,  
1999   2   5   27   null,  null,  
1999   2   5   28   null,  null,  
1999   2   5   29   null,  null,  
1999   2   5   30   null,  null,  
1999   2   5   31   null,  null,  
1999   3   8   1   null,  null,  
1999   3   8   2   null,  null,  
1999   3   8   3   null,  null,  
1999   3   8   4   null,  null,  
1999   3   8   5   null,  null,  
1999   3   8   6   null,  null,  
1999   3   8   7   null,  null,  
1999   3   8   8   null,  null,  
1999   3   8   9   null,  null,  
1999   3   8   10   null,  null,  
1999   3   8   11   null,  null,  
1999   3   8   12   null,  null,  
1999   3   8   13   null,  null,  
1999   3   8   14   null,  null,  
1999   3   8   15   null,  null,  
1999   3   8   16   null,  null,  
1999   3   8   17   null,  null,  
1999   3   8   18   null,  16.0,  
1999   3   8   19   null,  null,  
1999   3   8   20   null,  36.0,  
1999   3   8   21   null,  null,  
1999   3   8   22   null,  null,  
1999   3   8   23   null,  null,  
1999   3   8   24   null,  null,  
1999   3   8   25   null,  null,  
1999   3   8   26   null,  null,  
1999   3   8   27   null,  null,  
1999   3   8   28   null,  null,  
1999   3   8   29   null,  null,  
1999   3   8   30   null,  null,  
1999   3   8   31   null,  null,  
1999   3   9   1   null,  null,  
1999   3   9   2   null,  null,  
1999   3   9   3   null,  null,  
1999   3   9   4   null,  null,  
1999   3   9   5   null,  null,  
1999   3   9   6   null,  null,  
1999   3   9   7   null,  null,  
1999   3   9   8   null,  null,  
1999   3   9   9   null,  null,  
1999   3   9   10   null,  null,  
1999   3   9   11   null,  null,  
1999   3   9   12   null,  null,  
1999   3   9   13   null,  null,  
1999   3   9   14   null,  null,  
1999   3   9   15   null,  null,  
1999   3   9   16   null,  null,  
1999   3   9   17   null,  null,  
1999   3   9   18   null,  null,  
1999   3   9   19   23.0,  null,  
1999   3   9   20   null,  null,  
1999   3   9   21   null,  null,  
1999   3   9   22   null,  null,  
1999   3   9   23   null,  null,  
1999   3   9   24   null,  null,  
1999   3   9   25   null,  null,  
1999   3   9   26   null,  null,  
1999   3   9   27   null,  null,  
1999   3   9   28   null,  null,  
1999   3   9   29   null,  null,  
1999   3   9   30   null,  null,  
1999   3   9   31   null,  null,  
2000   4   11   1   null,  null,  
2000   4   11   2   null,  null,  
2000   4   11   3   null,  null,  
2000   4   11   4   null,  null,  
2000   4   11   5   null,  null,  
2000   4   11   6   null,  null,  
2000   4   11   7   null,  null,  
2000   4   11   8   null,  null,  
2000   4   11   9   null,  null,  
2000   4   11   10   null,  null,  
2000   4   11   11   null,  null,  
2000   4   11   12   null,  null,  
2000   4   11   13   null,  null,  
2000   4   11   14   null,  null,  
2000   4   11   15   null,  null,  
2000   4   11   16   null,  null,  
2000   4   11   17   null,  null,  
2000   4   11   18   null,  null,  
2000   4   11   19   null,  null,  
2000   4   11   20   null,  null,  
2000   4   11   21   null,  null,  
2000   4   11   22   null,  39.0,  
2000   4   11   23   null,  null,  
2000   4   11   24   null,  null,  
2000   4   11   25   null,  null,  
2000   4   11   26   null,  null,  
2000   4   11   27   null,  null,  
2000   4   11   28   null,  null,  
2000   4   11   29   null,  null,  
2000   4   11   30   null,  null,  
2000   4   11   31   null,  null,  